###############################################################################
#
# IAR ELF Linker V9.50.1.380/W64 for ARM                  11/Aug/2025  21:45:15
# Copyright 2007-2023 IAR Systems AB.
#
#    Output file  =
#        C:\Users\Interrupt\Dropbox\WorkSpace\Embedded\Mastering_STM32\STM32F411\API_SPI
#        - Arduino\EWARM\API\Exe\API.out
#    Map file     =
#        C:\Users\Interrupt\Dropbox\WorkSpace\Embedded\Mastering_STM32\STM32F411\API_SPI
#        - Arduino\EWARM\API\List\API.map
#    Command line =
#        -f
#        "C:\Users\Interrupt\Dropbox\WorkSpace\Embedded\Mastering_STM32\STM32F411\API_SPI
#        - Arduino\EWARM\API\Exe\API.out.rsp"
#        ("C:\Users\Interrupt\Dropbox\WorkSpace\Embedded\Mastering_STM32\STM32F411\API_SPI
#        -
#        Arduino\EWARM\API\Obj\Src_686219222538508663.dir\gpio_stm32f411ceux.o"
#        "C:\Users\Interrupt\Dropbox\WorkSpace\Embedded\Mastering_STM32\STM32F411\API_SPI
#        - Arduino\EWARM\API\Obj\Core_13247989168731456611.dir\main.o"
#        "C:\Users\Interrupt\Dropbox\WorkSpace\Embedded\Mastering_STM32\STM32F411\API_SPI
#        -
#        Arduino\EWARM\API\Obj\Src_686219222538508663.dir\spi_stm32f411ceux.o"
#        "C:\Users\Interrupt\Dropbox\WorkSpace\Embedded\Mastering_STM32\STM32F411\API_SPI
#        -
#        Arduino\EWARM\API\Obj\EWARM_18443280873093131863.dir\startup_stm32f411xe.o"
#        "C:\Users\Interrupt\Dropbox\WorkSpace\Embedded\Mastering_STM32\STM32F411\API_SPI
#        -
#        Arduino\EWARM\API\Obj\STM32F4xx_HAL_Driver_1244631019742807970.dir\stm32f4xx_hal.o"
#        "C:\Users\Interrupt\Dropbox\WorkSpace\Embedded\Mastering_STM32\STM32F411\API_SPI
#        -
#        Arduino\EWARM\API\Obj\STM32F4xx_HAL_Driver_1244631019742807970.dir\stm32f4xx_hal_cortex.o"
#        "C:\Users\Interrupt\Dropbox\WorkSpace\Embedded\Mastering_STM32\STM32F411\API_SPI
#        -
#        Arduino\EWARM\API\Obj\STM32F4xx_HAL_Driver_1244631019742807970.dir\stm32f4xx_hal_dma.o"
#        "C:\Users\Interrupt\Dropbox\WorkSpace\Embedded\Mastering_STM32\STM32F411\API_SPI
#        -
#        Arduino\EWARM\API\Obj\STM32F4xx_HAL_Driver_1244631019742807970.dir\stm32f4xx_hal_dma_ex.o"
#        "C:\Users\Interrupt\Dropbox\WorkSpace\Embedded\Mastering_STM32\STM32F411\API_SPI
#        -
#        Arduino\EWARM\API\Obj\STM32F4xx_HAL_Driver_1244631019742807970.dir\stm32f4xx_hal_exti.o"
#        "C:\Users\Interrupt\Dropbox\WorkSpace\Embedded\Mastering_STM32\STM32F411\API_SPI
#        -
#        Arduino\EWARM\API\Obj\STM32F4xx_HAL_Driver_1244631019742807970.dir\stm32f4xx_hal_flash.o"
#        "C:\Users\Interrupt\Dropbox\WorkSpace\Embedded\Mastering_STM32\STM32F411\API_SPI
#        -
#        Arduino\EWARM\API\Obj\STM32F4xx_HAL_Driver_1244631019742807970.dir\stm32f4xx_hal_flash_ex.o"
#        "C:\Users\Interrupt\Dropbox\WorkSpace\Embedded\Mastering_STM32\STM32F411\API_SPI
#        -
#        Arduino\EWARM\API\Obj\STM32F4xx_HAL_Driver_1244631019742807970.dir\stm32f4xx_hal_flash_ramfunc.o"
#        "C:\Users\Interrupt\Dropbox\WorkSpace\Embedded\Mastering_STM32\STM32F411\API_SPI
#        -
#        Arduino\EWARM\API\Obj\STM32F4xx_HAL_Driver_1244631019742807970.dir\stm32f4xx_hal_gpio.o"
#        "C:\Users\Interrupt\Dropbox\WorkSpace\Embedded\Mastering_STM32\STM32F411\API_SPI
#        -
#        Arduino\EWARM\API\Obj\Core_13247989168731456611.dir\stm32f4xx_hal_msp.o"
#        "C:\Users\Interrupt\Dropbox\WorkSpace\Embedded\Mastering_STM32\STM32F411\API_SPI
#        -
#        Arduino\EWARM\API\Obj\STM32F4xx_HAL_Driver_1244631019742807970.dir\stm32f4xx_hal_pwr.o"
#        "C:\Users\Interrupt\Dropbox\WorkSpace\Embedded\Mastering_STM32\STM32F411\API_SPI
#        -
#        Arduino\EWARM\API\Obj\STM32F4xx_HAL_Driver_1244631019742807970.dir\stm32f4xx_hal_pwr_ex.o"
#        "C:\Users\Interrupt\Dropbox\WorkSpace\Embedded\Mastering_STM32\STM32F411\API_SPI
#        -
#        Arduino\EWARM\API\Obj\STM32F4xx_HAL_Driver_1244631019742807970.dir\stm32f4xx_hal_rcc.o"
#        "C:\Users\Interrupt\Dropbox\WorkSpace\Embedded\Mastering_STM32\STM32F411\API_SPI
#        -
#        Arduino\EWARM\API\Obj\STM32F4xx_HAL_Driver_1244631019742807970.dir\stm32f4xx_hal_rcc_ex.o"
#        "C:\Users\Interrupt\Dropbox\WorkSpace\Embedded\Mastering_STM32\STM32F411\API_SPI
#        -
#        Arduino\EWARM\API\Obj\STM32F4xx_HAL_Driver_1244631019742807970.dir\stm32f4xx_hal_tim.o"
#        "C:\Users\Interrupt\Dropbox\WorkSpace\Embedded\Mastering_STM32\STM32F411\API_SPI
#        -
#        Arduino\EWARM\API\Obj\STM32F4xx_HAL_Driver_1244631019742807970.dir\stm32f4xx_hal_tim_ex.o"
#        "C:\Users\Interrupt\Dropbox\WorkSpace\Embedded\Mastering_STM32\STM32F411\API_SPI
#        - Arduino\EWARM\API\Obj\Core_13247989168731456611.dir\stm32f4xx_it.o"
#        "C:\Users\Interrupt\Dropbox\WorkSpace\Embedded\Mastering_STM32\STM32F411\API_SPI
#        -
#        Arduino\EWARM\API\Obj\CMSIS_6603591812247902717.dir\system_stm32f4xx.o"
#        --no_out_extension -o
#        "C:\Users\Interrupt\Dropbox\WorkSpace\Embedded\Mastering_STM32\STM32F411\API_SPI
#        - Arduino\EWARM\API\Exe\API.out" --redirect _Printf=_PrintfFullNoMb
#        --redirect _Scanf=_ScanfFullNoMb --map
#        "C:\Users\Interrupt\Dropbox\WorkSpace\Embedded\Mastering_STM32\STM32F411\API_SPI
#        - Arduino\EWARM\API\List\API.map" --config
#        "C:\Users\Interrupt\Dropbox\WorkSpace\Embedded\Mastering_STM32\STM32F411\API_SPI
#        - Arduino\EWARM/stm32f411xe_flash.icf" --semihosting --entry
#        __iar_program_start --vfe --text_out locale --cpu=Cortex-M4
#        --fpu=VFPv4_sp) --dependencies=n
#        "C:\Users\Interrupt\Dropbox\WorkSpace\Embedded\Mastering_STM32\STM32F411\API_SPI
#        - Arduino\EWARM\API\Exe\API.out.iar_deps"
#
###############################################################################

*******************************************************************************
*** RUNTIME MODEL ATTRIBUTES
***

CppFlavor       = *
__CPP_Runtime   = 1
__SystemLibrary = DLib
__dlib_version  = 6


*******************************************************************************
*** HEAP SELECTION
***

The basic heap was selected because --advanced_heap
was not specified and the application did not appear to
be primarily optimized for speed.


*******************************************************************************
*** PLACEMENT SUMMARY
***

"A0":  place at address 0x800'0000 { ro section .intvec };
"P1":  place in [from 0x800'0000 to 0x807'ffff] { ro };
define block CSTACK with size = 1K, alignment = 8 { };
define block HEAP with size = 512, alignment = 8 { };
"P2":  place in [from 0x2000'0000 to 0x2001'ffff] {
          rw, block CSTACK, block HEAP };
initialize by copy { rw };

  Section            Kind         Address  Aligment   Size  Object
  -------            ----         -------  --------   ----  ------
"A0":                                                0x198
  .intvec            ro code   0x800'0000         4  0x198  startup_stm32f411xe.o [3]
                             - 0x800'0198            0x198

"P1":                                                0x774
  .text              ro code   0x800'0198         4  0x29c  gpio_stm32f411ceux.o [5]
  .text              ro code   0x800'0434         4  0x124  main.o [2]
  .text              ro code   0x800'0558         4   0xe2  spi_stm32f411ceux.o [5]
  .text              ro code   0x800'063a         2   0x2a  copy_init3.o [8]
  .text              ro code   0x800'0664         4   0x18  ABImemcpy_small.o [8]
  .text              ro code   0x800'067c         4   0x14  strlen_small.o [8]
  .rodata            const     0x800'0690         4   0x80  main.o [2]
  .text              ro code   0x800'0710         4   0x2a  data_init.o [8]
  .text              ro code   0x800'073c         4   0x22  fpinit_M.o [7]
  .iar.init_table    const     0x800'0760         4   0x14  - Linker created -
  .text              ro code   0x800'0774         4   0x1e  cmain.o [8]
  .text              ro code   0x800'0792         2    0x4  low_level_init.o [6]
  .text              ro code   0x800'0796         2    0x4  exit.o [6]
  .text              ro code   0x800'079c         4    0xa  cexit.o [8]
  .text              ro code   0x800'07a8         4   0x14  exit.o [9]
  .text              ro code   0x800'07bc         4   0x1c  cstartup_M.o [8]
  .text              ro code   0x800'07d8         2   0x14  stm32f4xx_it.o [2]
  .text              ro code   0x800'07ec         4   0x10  stm32f4xx_hal.o [4]
  .text              ro code   0x800'07fc         4   0x10  startup_stm32f411xe.o [3]
  .text              ro code   0x800'080c         4   0x10  system_stm32f4xx.o [1]
  Initializer bytes  const     0x800'081c         4    0xc  <for P2-1>
  .text              ro code   0x800'0828         2    0x4  startup_stm32f411xe.o [3]
  .text              ro code   0x800'082c         2    0x4  startup_stm32f411xe.o [3]
  .text              ro code   0x800'0830         2    0x4  startup_stm32f411xe.o [3]
  .text              ro code   0x800'0834         2    0x4  startup_stm32f411xe.o [3]
  .text              ro code   0x800'0838         2    0x4  startup_stm32f411xe.o [3]
  .text              ro code   0x800'083c         2    0x4  startup_stm32f411xe.o [3]
  .text              ro code   0x800'0840         2    0x4  startup_stm32f411xe.o [3]
  .text              ro code   0x800'0844         2    0x4  startup_stm32f411xe.o [3]
  .text              ro code   0x800'0848         2    0x4  startup_stm32f411xe.o [3]
  .text              ro code   0x800'084c         2    0x4  startup_stm32f411xe.o [3]
  .text              ro code   0x800'0850         2    0x4  startup_stm32f411xe.o [3]
  .text              ro code   0x800'0854         2    0x4  startup_stm32f411xe.o [3]
  .text              ro code   0x800'0858         2    0x4  startup_stm32f411xe.o [3]
  .text              ro code   0x800'085c         2    0x4  startup_stm32f411xe.o [3]
  .text              ro code   0x800'0860         2    0x4  startup_stm32f411xe.o [3]
  .text              ro code   0x800'0864         2    0x4  startup_stm32f411xe.o [3]
  .text              ro code   0x800'0868         2    0x4  startup_stm32f411xe.o [3]
  .text              ro code   0x800'086c         2    0x4  startup_stm32f411xe.o [3]
  .text              ro code   0x800'0870         2    0x4  startup_stm32f411xe.o [3]
  .text              ro code   0x800'0874         2    0x4  startup_stm32f411xe.o [3]
  .text              ro code   0x800'0878         2    0x4  startup_stm32f411xe.o [3]
  .text              ro code   0x800'087c         2    0x4  startup_stm32f411xe.o [3]
  .text              ro code   0x800'0880         2    0x4  startup_stm32f411xe.o [3]
  .text              ro code   0x800'0884         2    0x4  startup_stm32f411xe.o [3]
  .text              ro code   0x800'0888         2    0x4  startup_stm32f411xe.o [3]
  .text              ro code   0x800'088c         2    0x4  startup_stm32f411xe.o [3]
  .text              ro code   0x800'0890         2    0x4  startup_stm32f411xe.o [3]
  .text              ro code   0x800'0894         2    0x4  startup_stm32f411xe.o [3]
  .text              ro code   0x800'0898         2    0x4  startup_stm32f411xe.o [3]
  .text              ro code   0x800'089c         2    0x4  startup_stm32f411xe.o [3]
  .text              ro code   0x800'08a0         2    0x4  startup_stm32f411xe.o [3]
  .text              ro code   0x800'08a4         2    0x4  startup_stm32f411xe.o [3]
  .text              ro code   0x800'08a8         2    0x4  startup_stm32f411xe.o [3]
  .text              ro code   0x800'08ac         2    0x4  startup_stm32f411xe.o [3]
  .text              ro code   0x800'08b0         2    0x4  startup_stm32f411xe.o [3]
  .text              ro code   0x800'08b4         2    0x4  startup_stm32f411xe.o [3]
  .text              ro code   0x800'08b8         2    0x4  startup_stm32f411xe.o [3]
  .text              ro code   0x800'08bc         2    0x4  startup_stm32f411xe.o [3]
  .text              ro code   0x800'08c0         2    0x4  startup_stm32f411xe.o [3]
  .text              ro code   0x800'08c4         2    0x4  startup_stm32f411xe.o [3]
  .text              ro code   0x800'08c8         2    0x4  startup_stm32f411xe.o [3]
  .text              ro code   0x800'08cc         2    0x4  startup_stm32f411xe.o [3]
  .text              ro code   0x800'08d0         2    0x4  startup_stm32f411xe.o [3]
  .text              ro code   0x800'08d4         2    0x4  startup_stm32f411xe.o [3]
  .text              ro code   0x800'08d8         2    0x4  startup_stm32f411xe.o [3]
  .text              ro code   0x800'08dc         2    0x4  startup_stm32f411xe.o [3]
  .text              ro code   0x800'08e0         2    0x4  startup_stm32f411xe.o [3]
  .text              ro code   0x800'08e4         2    0x4  startup_stm32f411xe.o [3]
  .text              ro code   0x800'08e8         2    0x4  startup_stm32f411xe.o [3]
  .text              ro code   0x800'08ec         2    0x4  startup_stm32f411xe.o [3]
  .text              ro code   0x800'08f0         2    0x4  startup_stm32f411xe.o [3]
  .text              ro code   0x800'08f4         2    0x4  startup_stm32f411xe.o [3]
  .text              ro code   0x800'08f8         2    0x4  startup_stm32f411xe.o [3]
  .text              ro code   0x800'08fc         2    0x4  startup_stm32f411xe.o [3]
  .text              ro code   0x800'0900         2    0x4  startup_stm32f411xe.o [3]
  .text              ro code   0x800'0904         2    0x4  startup_stm32f411xe.o [3]
  .text              ro code   0x800'0908         2    0x4  startup_stm32f411xe.o [3]
  .rodata            const     0x800'090c              0x0  copy_init3.o [8]
                             - 0x800'090c            0x774

"P2", part 1 of 2:                                     0xc
  P2-1                        0x2000'0000         4    0xc  <Init block>
    .data            inited   0x2000'0000         4    0xc  stm32f4xx_hal.o [4]
                            - 0x2000'000c              0xc

"P2", part 2 of 2:                                   0x400
  CSTACK                      0x2000'0010         8  0x400  <Block>
    CSTACK           uninit   0x2000'0010            0x400  <Block tail>
                            - 0x2000'0410            0x400

Unused ranges:

         From           To      Size
         ----           --      ----
   0x800'090c   0x807'ffff  0x7'f6f4
  0x2000'000c  0x2000'000f       0x4
  0x2000'0410  0x2001'ffff  0x1'fbf0


*******************************************************************************
*** INIT TABLE
***

          Address      Size
          -------      ----
Copy (__iar_copy_init3)
    1 source range, total size 0xc:
           0x800'081c   0xc
    1 destination range, total size 0xc:
          0x2000'0000   0xc



*******************************************************************************
*** MODULE SUMMARY
***

    Module                 ro code  ro data  rw data
    ------                 -------  -------  -------
command line/config:
    ------------------------------------------------
    Total:

C:\Users\Interrupt\Dropbox\WorkSpace\Embedded\Mastering_STM32\STM32F411\API_SPI - Arduino\EWARM\API\Obj\CMSIS_6603591812247902717.dir: [1]
    system_stm32f4xx.o          16
    ------------------------------------------------
    Total:                      16

C:\Users\Interrupt\Dropbox\WorkSpace\Embedded\Mastering_STM32\STM32F411\API_SPI - Arduino\EWARM\API\Obj\Core_13247989168731456611.dir: [2]
    main.o                     292      128
    stm32f4xx_it.o              20
    ------------------------------------------------
    Total:                     312      128

C:\Users\Interrupt\Dropbox\WorkSpace\Embedded\Mastering_STM32\STM32F411\API_SPI - Arduino\EWARM\API\Obj\EWARM_18443280873093131863.dir: [3]
    startup_stm32f411xe.o      652
    ------------------------------------------------
    Total:                     652

C:\Users\Interrupt\Dropbox\WorkSpace\Embedded\Mastering_STM32\STM32F411\API_SPI - Arduino\EWARM\API\Obj\STM32F4xx_HAL_Driver_1244631019742807970.dir: [4]
    stm32f4xx_hal.o             16       12       12
    ------------------------------------------------
    Total:                      16       12       12

C:\Users\Interrupt\Dropbox\WorkSpace\Embedded\Mastering_STM32\STM32F411\API_SPI - Arduino\EWARM\API\Obj\Src_686219222538508663.dir: [5]
    gpio_stm32f411ceux.o       668
    spi_stm32f411ceux.o        226
    ------------------------------------------------
    Total:                     894

dl7M_tln.a: [6]
    exit.o                       4
    low_level_init.o             4
    ------------------------------------------------
    Total:                       8

m7M_tls.a: [7]
    fpinit_M.o                  34
    ------------------------------------------------
    Total:                      34

rt7M_tl.a: [8]
    ABImemcpy_small.o           24
    cexit.o                     10
    cmain.o                     30
    copy_init3.o                42
    cstartup_M.o                28
    data_init.o                 42
    strlen_small.o              20
    ------------------------------------------------
    Total:                     196

shb_l.a: [9]
    exit.o                      20
    ------------------------------------------------
    Total:                      20

    Gaps                         6        2
    Linker created                       20    1'024
----------------------------------------------------
    Grand Total:             2'154      162    1'036


*******************************************************************************
*** ENTRY LIST
***

Entry                       Address   Size  Type      Object
-----                       -------   ----  ----      ------
.iar.init_table$$Base    0x800'0760          --   Gb  - Linker created -
.iar.init_table$$Limit   0x800'0774          --   Gb  - Linker created -
?main                    0x800'0775         Code  ??  cmain.o [8]
ADC_IRQHandler           0x800'0871         Code  Wk  startup_stm32f411xe.o [3]
BusFault_Handler         0x800'07df    0x2  Code  ??  stm32f4xx_it.o [2]
CSTACK$$Base            0x2000'0010          --   Gb  - Linker created -
CSTACK$$Limit           0x2000'0410          --   ??  - Linker created -
DMA1_Stream0_IRQHandler
                         0x800'0855         Code  Wk  startup_stm32f411xe.o [3]
DMA1_Stream1_IRQHandler
                         0x800'0859         Code  Wk  startup_stm32f411xe.o [3]
DMA1_Stream2_IRQHandler
                         0x800'085d         Code  Wk  startup_stm32f411xe.o [3]
DMA1_Stream3_IRQHandler
                         0x800'0861         Code  Wk  startup_stm32f411xe.o [3]
DMA1_Stream4_IRQHandler
                         0x800'0865         Code  Wk  startup_stm32f411xe.o [3]
DMA1_Stream5_IRQHandler
                         0x800'0869         Code  Wk  startup_stm32f411xe.o [3]
DMA1_Stream6_IRQHandler
                         0x800'086d         Code  Wk  startup_stm32f411xe.o [3]
DMA1_Stream7_IRQHandler
                         0x800'08c1         Code  Wk  startup_stm32f411xe.o [3]
DMA2_Stream0_IRQHandler
                         0x800'08d1         Code  Wk  startup_stm32f411xe.o [3]
DMA2_Stream1_IRQHandler
                         0x800'08d5         Code  Wk  startup_stm32f411xe.o [3]
DMA2_Stream2_IRQHandler
                         0x800'08d9         Code  Wk  startup_stm32f411xe.o [3]
DMA2_Stream3_IRQHandler
                         0x800'08dd         Code  Wk  startup_stm32f411xe.o [3]
DMA2_Stream4_IRQHandler
                         0x800'08e1         Code  Wk  startup_stm32f411xe.o [3]
DMA2_Stream5_IRQHandler
                         0x800'08e9         Code  Wk  startup_stm32f411xe.o [3]
DMA2_Stream6_IRQHandler
                         0x800'08ed         Code  Wk  startup_stm32f411xe.o [3]
DMA2_Stream7_IRQHandler
                         0x800'08f1         Code  Wk  startup_stm32f411xe.o [3]
DebugMon_Handler         0x800'07e5    0x2  Code  ??  stm32f4xx_it.o [2]
EXTI0_IRQHandler         0x800'0841         Code  Wk  startup_stm32f411xe.o [3]
EXTI15_10_IRQHandler     0x800'08b5         Code  Wk  startup_stm32f411xe.o [3]
EXTI1_IRQHandler         0x800'0845         Code  Wk  startup_stm32f411xe.o [3]
EXTI2_IRQHandler         0x800'0849         Code  Wk  startup_stm32f411xe.o [3]
EXTI3_IRQHandler         0x800'084d         Code  Wk  startup_stm32f411xe.o [3]
EXTI4_IRQHandler         0x800'0851         Code  Wk  startup_stm32f411xe.o [3]
EXTI9_5_IRQHandler       0x800'0875         Code  Wk  startup_stm32f411xe.o [3]
FLASH_IRQHandler         0x800'0839         Code  Wk  startup_stm32f411xe.o [3]
FPU_IRQHandler           0x800'0901         Code  Wk  startup_stm32f411xe.o [3]
GPIO_ButtonInit          0x800'04a9   0x1a  Code  ??  main.o [2]
GPIO_Init                0x800'0253  0x190  Code  ??  gpio_stm32f411ceux.o [5]
GPIO_PeriClockControl    0x800'0199   0xba  Code  ??  gpio_stm32f411ceux.o [5]
GPIO_ReadFromInputPin    0x800'03ef    0xa  Code  ??  gpio_stm32f411ceux.o [5]
HAL_IncTick              0x800'07ed   0x10  Code  Wk  stm32f4xx_hal.o [4]
HardFault_Handler        0x800'07db    0x2  Code  ??  stm32f4xx_it.o [2]
I2C1_ER_IRQHandler       0x800'0899         Code  Wk  startup_stm32f411xe.o [3]
I2C1_EV_IRQHandler       0x800'0895         Code  Wk  startup_stm32f411xe.o [3]
I2C2_ER_IRQHandler       0x800'08a1         Code  Wk  startup_stm32f411xe.o [3]
I2C2_EV_IRQHandler       0x800'089d         Code  Wk  startup_stm32f411xe.o [3]
I2C3_ER_IRQHandler       0x800'08fd         Code  Wk  startup_stm32f411xe.o [3]
I2C3_EV_IRQHandler       0x800'08f9         Code  Wk  startup_stm32f411xe.o [3]
MemManage_Handler        0x800'07dd    0x2  Code  ??  stm32f4xx_it.o [2]
NMI_Handler              0x800'07d9    0x2  Code  ??  stm32f4xx_it.o [2]
OTG_FS_IRQHandler        0x800'08e5         Code  Wk  startup_stm32f411xe.o [3]
OTG_FS_WKUP_IRQHandler   0x800'08bd         Code  Wk  startup_stm32f411xe.o [3]
PVD_IRQHandler           0x800'082d         Code  Wk  startup_stm32f411xe.o [3]
PendSV_Handler           0x800'07e7    0x2  Code  ??  stm32f4xx_it.o [2]
RCC_IRQHandler           0x800'083d         Code  Wk  startup_stm32f411xe.o [3]
RTC_Alarm_IRQHandler     0x800'08b9         Code  Wk  startup_stm32f411xe.o [3]
RTC_WKUP_IRQHandler      0x800'0835         Code  Wk  startup_stm32f411xe.o [3]
Region$$Table$$Base      0x800'0760          --   ??  - Linker created -
Region$$Table$$Limit     0x800'0774          --   ??  - Linker created -
Reset_Handler            0x800'07fd         Code  Wk  startup_stm32f411xe.o [3]
SDIO_IRQHandler          0x800'08c5         Code  Wk  startup_stm32f411xe.o [3]
SPI1_IRQHandler          0x800'08a5         Code  Wk  startup_stm32f411xe.o [3]
SPI2_GPIOInits           0x800'0441   0x36  Code  ??  main.o [2]
SPI2_IRQHandler          0x800'08a9         Code  Wk  startup_stm32f411xe.o [3]
SPI2_Inits               0x800'0481   0x28  Code  ??  main.o [2]
SPI3_IRQHandler          0x800'08cd         Code  Wk  startup_stm32f411xe.o [3]
SPI4_IRQHandler          0x800'0905         Code  Wk  startup_stm32f411xe.o [3]
SPI5_IRQHandler          0x800'0909         Code  Wk  startup_stm32f411xe.o [3]
SPI_GetFlagStatus        0x800'05dd    0xc  Code  ??  spi_stm32f411ceux.o [5]
SPI_Init                 0x800'0595   0x48  Code  ??  spi_stm32f411ceux.o [5]
SPI_PeriClockControl     0x800'0559   0x2c  Code  ??  spi_stm32f411ceux.o [5]
SPI_PeripheralControl    0x800'0611   0x18  Code  ??  spi_stm32f411ceux.o [5]
SPI_SSOEConfig           0x800'0629   0x12  Code  ??  spi_stm32f411ceux.o [5]
SPI_SendData             0x800'05e9   0x28  Code  ??  spi_stm32f411ceux.o [5]
SVC_Handler              0x800'07e3    0x2  Code  ??  stm32f4xx_it.o [2]
SysTick_Handler          0x800'07e9    0x4  Code  ??  stm32f4xx_it.o [2]
SystemInit               0x800'080d    0xc  Code  ??  system_stm32f4xx.o [1]
TAMP_STAMP_IRQHandler    0x800'0831         Code  Wk  startup_stm32f411xe.o [3]
TIM1_BRK_TIM9_IRQHandler
                         0x800'0879         Code  Wk  startup_stm32f411xe.o [3]
TIM1_CC_IRQHandler       0x800'0885         Code  Wk  startup_stm32f411xe.o [3]
TIM1_TRG_COM_TIM11_IRQHandler
                         0x800'0881         Code  Wk  startup_stm32f411xe.o [3]
TIM1_UP_TIM10_IRQHandler
                         0x800'087d         Code  Wk  startup_stm32f411xe.o [3]
TIM2_IRQHandler          0x800'0889         Code  Wk  startup_stm32f411xe.o [3]
TIM3_IRQHandler          0x800'088d         Code  Wk  startup_stm32f411xe.o [3]
TIM4_IRQHandler          0x800'0891         Code  Wk  startup_stm32f411xe.o [3]
TIM5_IRQHandler          0x800'08c9         Code  Wk  startup_stm32f411xe.o [3]
USART1_IRQHandler        0x800'08ad         Code  Wk  startup_stm32f411xe.o [3]
USART2_IRQHandler        0x800'08b1         Code  Wk  startup_stm32f411xe.o [3]
USART6_IRQHandler        0x800'08f5         Code  Wk  startup_stm32f411xe.o [3]
UsageFault_Handler       0x800'07e1    0x2  Code  ??  stm32f4xx_it.o [2]
WWDG_IRQHandler          0x800'0829         Code  Wk  startup_stm32f411xe.o [3]
__cmain                  0x800'0775         Code  ??  cmain.o [8]
__exit                   0x800'07a9   0x14  Code  ??  exit.o [9]
__iar_copy_init3         0x800'063b   0x2a  Code  ??  copy_init3.o [8]
__iar_data_init3         0x800'0711   0x18  Code  ??  data_init.o [8]
__iar_init_vfp           0x800'073d         Code  ??  fpinit_M.o [7]
__iar_program_start      0x800'07bd         Code  ??  cstartup_M.o [8]
__iar_small_Memcpy       0x800'0669         Code  ??  ABImemcpy_small.o [8]
__iar_small_memcpy       0x800'0665         Code  ??  ABImemcpy_small.o [8]
__iar_small_memcpy4      0x800'0665         Code  ??  ABImemcpy_small.o [8]
__iar_small_memcpy8      0x800'0665         Code  ??  ABImemcpy_small.o [8]
__iar_small_strlen       0x800'067d         Code  ??  strlen_small.o [8]
__low_level_init         0x800'0793    0x4  Code  ??  low_level_init.o [6]
__vector_table           0x800'0000         Data  ??  startup_stm32f411xe.o [3]
_call_main               0x800'0781         Code  ??  cmain.o [8]
_exit                    0x800'079d         Code  ??  cexit.o [8]
delay                    0x800'0435    0xc  Code  ??  main.o [2]
exit                     0x800'0797    0x4  Code  ??  exit.o [6]
main                     0x800'04cb   0x7a  Code  ??  main.o [2]
uwTick                  0x2000'0004    0x4  Data  ??  stm32f4xx_hal.o [4]
uwTickFreq              0x2000'0000    0x1  Data  ??  stm32f4xx_hal.o [4]
uwTickPrio              0x2000'0008    0x4  Data  ??  stm32f4xx_hal.o [4]


[1] = C:\Users\Interrupt\Dropbox\WorkSpace\Embedded\Mastering_STM32\STM32F411\API_SPI - Arduino\EWARM\API\Obj\CMSIS_6603591812247902717.dir
[2] = C:\Users\Interrupt\Dropbox\WorkSpace\Embedded\Mastering_STM32\STM32F411\API_SPI - Arduino\EWARM\API\Obj\Core_13247989168731456611.dir
[3] = C:\Users\Interrupt\Dropbox\WorkSpace\Embedded\Mastering_STM32\STM32F411\API_SPI - Arduino\EWARM\API\Obj\EWARM_18443280873093131863.dir
[4] = C:\Users\Interrupt\Dropbox\WorkSpace\Embedded\Mastering_STM32\STM32F411\API_SPI - Arduino\EWARM\API\Obj\STM32F4xx_HAL_Driver_1244631019742807970.dir
[5] = C:\Users\Interrupt\Dropbox\WorkSpace\Embedded\Mastering_STM32\STM32F411\API_SPI - Arduino\EWARM\API\Obj\Src_686219222538508663.dir
[6] = dl7M_tln.a
[7] = m7M_tls.a
[8] = rt7M_tl.a
[9] = shb_l.a

  2'154 bytes of readonly  code memory
    162 bytes of readonly  data memory
  1'036 bytes of readwrite data memory

Errors: none
Warnings: none
